../Core/Src/main.c:85:6:HAL_UARTEx_RxEventCallback	24	static
../Core/Src/main.c:106:6:print_lcd	8	static
../Core/Src/main.c:115:6:write_lcd	56	dynamic
../Core/Src/main.c:142:5:main	8	static
../Core/Src/main.c:207:6:SystemClock_Config	104	static
../Core/Src/main.c:255:13:MX_I2C1_Init	8	static
../Core/Src/main.c:303:13:MX_USART1_UART_Init	8	static
../Core/Src/main.c:336:13:MX_DMA_Init	16	static
../Core/Src/main.c:354:13:MX_GPIO_Init	56	static
../Core/Src/main.c:390:6:Error_Handler	8	static,ignoring_inline_asm
