../Core/Src/main.c:84:5:enqueu	24	static
../Core/Src/main.c:110:5:dequeu	16	static
../Core/Src/main.c:128:5:display	16	static
../Core/Src/main.c:146:7:gettemp	16	static
../Core/Src/main.c:151:5:movingAvg	16	static
../Core/Src/main.c:158:7:Read_ADC	48	static
../Core/Src/main.c:217:5:main	8	static
../Core/Src/main.c:268:6:SystemClock_Config	80	static
../Core/Src/main.c:309:13:MX_ADC_Init	24	static
../Core/Src/main.c:364:13:MX_GPIO_Init	48	static
../Core/Src/main.c:398:6:Error_Handler	8	static,ignoring_inline_asm
