16:44:59 **** Incremental Build of configuration Debug for project calculator ****
make -j12 all 
arm-none-eabi-gcc "../Core/Src/main.c" -mcpu=cortex-m0 -std=gnu11 -g3 -DDEBUG -DUSE_HAL_DRIVER -DSTM32F051x8 -c -I../Core/Inc -I../Drivers/STM32F0xx_HAL_Driver/Inc -I../Drivers/STM32F0xx_HAL_Driver/Inc/Legacy -I../Drivers/CMSIS/Device/ST/STM32F0xx/Include -I../Drivers/CMSIS/Include -O0 -ffunction-sections -fdata-sections -Wall -fstack-usage -MMD -MP -MF"Core/Src/main.d" -MT"Core/Src/main.o" --specs=nano.specs -mfloat-abi=soft -mthumb -o "Core/Src/main.o"
../Core/Src/main.c: In function 'HAL_UARTEx_RxEventCallback':
../Core/Src/main.c:85:41: warning: passing argument 2 of 'HAL_UARTEx_ReceiveToIdle_DMA' from incompatible pointer type [-Wincompatible-pointer-types]
   85 |   HAL_UARTEx_ReceiveToIdle_DMA(&huart1, Rx_data, SIZE);
      |                                         ^~~~~~~
      |                                         |
      |                                         int *
In file included from ../Drivers/STM32F0xx_HAL_Driver/Inc/stm32f0xx_hal_uart.h:1487,
                 from ../Core/Inc/stm32f0xx_hal_conf.h:289,
                 from ../Drivers/STM32F0xx_HAL_Driver/Inc/stm32f0xx_hal.h:30,
                 from ../Core/Inc/main.h:30,
                 from ../Core/Src/main.c:20:
../Drivers/STM32F0xx_HAL_Driver/Inc/stm32f0xx_hal_uart_ex.h:147:84: note: expected 'uint8_t *' {aka 'unsigned char *'} but argument is of type 'int *'
  147 | HAL_StatusTypeDef HAL_UARTEx_ReceiveToIdle_DMA(UART_HandleTypeDef *huart, uint8_t *pData, uint16_t Size);
      |                                                                           ~~~~~~~~~^~~~~
../Core/Src/main.c: In function 'main':
../Core/Src/main.c:131:34: warning: pointer targets in passing argument 2 of 'HAL_UART_Transmit_DMA' differ in signedness [-Wpointer-sign]
  131 |   HAL_UART_Transmit_DMA(&huart1, num1arr, sizeof(num1arr));
      |                                  ^~~~~~~
      |                                  |
      |                                  char *
In file included from ../Core/Inc/stm32f0xx_hal_conf.h:289,
                 from ../Drivers/STM32F0xx_HAL_Driver/Inc/stm32f0xx_hal.h:30,
                 from ../Core/Inc/main.h:30,
                 from ../Core/Src/main.c:20:
../Drivers/STM32F0xx_HAL_Driver/Inc/stm32f0xx_hal_uart.h:1532:77: note: expected 'uint8_t *' {aka 'unsigned char *'} but argument is of type 'char *'
 1532 | HAL_StatusTypeDef HAL_UART_Transmit_DMA(UART_HandleTypeDef *huart, uint8_t *pData, uint16_t Size);
      |                                                                    ~~~~~~~~~^~~~~
../Core/Src/main.c:139:42: warning: passing argument 2 of 'HAL_UARTEx_ReceiveToIdle_DMA' from incompatible pointer type [-Wincompatible-pointer-types]
  139 |    HAL_UARTEx_ReceiveToIdle_DMA(&huart1, Rx_data, SIZE);
      |                                          ^~~~~~~
      |                                          |
      |                                          int *
In file included from ../Drivers/STM32F0xx_HAL_Driver/Inc/stm32f0xx_hal_uart.h:1487,
                 from ../Core/Inc/stm32f0xx_hal_conf.h:289,
                 from ../Drivers/STM32F0xx_HAL_Driver/Inc/stm32f0xx_hal.h:30,
                 from ../Core/Inc/main.h:30,
                 from ../Core/Src/main.c:20:
../Drivers/STM32F0xx_HAL_Driver/Inc/stm32f0xx_hal_uart_ex.h:147:84: note: expected 'uint8_t *' {aka 'unsigned char *'} but argument is of type 'int *'
  147 | HAL_StatusTypeDef HAL_UARTEx_ReceiveToIdle_DMA(UART_HandleTypeDef *huart, uint8_t *pData, uint16_t Size);
      |                                                                           ~~~~~~~~~^~~~~
../Core/Src/main.c:144:9: warning: assignment to 'int' from 'int *' makes integer from pointer without a cast [-Wint-conversion]
  144 |    num1 = Rx_data;
      |         ^
../Core/Src/main.c:148:34: warning: pointer targets in passing argument 2 of 'HAL_UART_Transmit_DMA' differ in signedness [-Wpointer-sign]
  148 |   HAL_UART_Transmit_DMA(&huart1, num2arr, sizeof(num2arr));
      |                                  ^~~~~~~
      |                                  |
      |                                  char *
In file included from ../Core/Inc/stm32f0xx_hal_conf.h:289,
                 from ../Drivers/STM32F0xx_HAL_Driver/Inc/stm32f0xx_hal.h:30,
                 from ../Core/Inc/main.h:30,
                 from ../Core/Src/main.c:20:
../Drivers/STM32F0xx_HAL_Driver/Inc/stm32f0xx_hal_uart.h:1532:77: note: expected 'uint8_t *' {aka 'unsigned char *'} but argument is of type 'char *'
 1532 | HAL_StatusTypeDef HAL_UART_Transmit_DMA(UART_HandleTypeDef *huart, uint8_t *pData, uint16_t Size);
      |                                                                    ~~~~~~~~~^~~~~
arm-none-eabi-gcc -o "calculator.elf" @"objects.list"   -mcpu=cortex-m0 -T"C:\Users\hasan\Desktop\stm32_workspace\calculator\STM32F051R8TX_FLASH.ld" --specs=nosys.specs -Wl,-Map="calculator.map" -Wl,--gc-sections -static --specs=nano.specs -mfloat-abi=soft -mthumb -Wl,--start-group -lc -lm -Wl,--end-group
Finished building target: calculator.elf
 
arm-none-eabi-size   calculator.elf 
arm-none-eabi-objdump -h -S  calculator.elf  > "calculator.list"
   text	   data	    bss	    dec	    hex	filename
  15136	     36	   1964	  17136	   42f0	calculator.elf
Finished building: default.size.stdout
 
Finished building: calculator.list
 
16:45:09 **** Incremental Build of configuration Debug for project calculator ****
make -j12 all 
arm-none-eabi-size   calculator.elf 
   text	   data	    bss	    dec	    hex	filename
  15136	     36	   1964	  17136	   42f0	calculator.elf
Finished building: default.size.stdout
 
