16:39:29 **** Incremental Build of configuration Debug for project adc_multi_read ****
make -j12 all 
arm-none-eabi-gcc "../Core/Src/main.c" -mcpu=cortex-m0 -std=gnu11 -g3 -DDEBUG -DUSE_HAL_DRIVER -DSTM32F051x8 -c -I../Core/Inc -I../Drivers/STM32F0xx_HAL_Driver/Inc -I../Drivers/STM32F0xx_HAL_Driver/Inc/Legacy -I../Drivers/CMSIS/Device/ST/STM32F0xx/Include -I../Drivers/CMSIS/Include -O0 -ffunction-sections -fdata-sections -Wall -fstack-usage -MMD -MP -MF"Core/Src/main.d" -MT"Core/Src/main.o" --specs=nano.specs -mfloat-abi=soft -mthumb -o "Core/Src/main.o"
../Core/Src/main.c: In function 'dequeu':
../Core/Src/main.c:117:10: warning: character constant too long for its type
  117 |   printf('BOSSS CIKAMAZZ');
      |          ^~~~~~~~~~~~~~~~
../Core/Src/main.c:117:10: warning: passing argument 1 of 'printf' makes pointer from integer without a cast [-Wint-conversion]
In file included from ../Core/Src/main.c:22:
c:\st\stm32cubeide_1.10.1\stm32cubeide\plugins\com.st.stm32cube.ide.mcu.externaltools.gnu-tools-for-stm32.10.3-2021.10.win32_1.0.0.202111181127\tools\arm-none-eabi\include\stdio.h:200:13: note: expected 'const char * restrict' but argument is of type 'int'
  200 | int printf (const char *__restrict, ...)
      |             ^
../Core/Src/main.c: In function 'display':
../Core/Src/main.c:132:10: warning: multi-character character constant [-Wmultichar]
  132 |   printf('BSS');
      |          ^~~~~
../Core/Src/main.c:132:10: warning: passing argument 1 of 'printf' makes pointer from integer without a cast [-Wint-conversion]
In file included from ../Core/Src/main.c:22:
c:\st\stm32cubeide_1.10.1\stm32cubeide\plugins\com.st.stm32cube.ide.mcu.externaltools.gnu-tools-for-stm32.10.3-2021.10.win32_1.0.0.202111181127\tools\arm-none-eabi\include\stdio.h:200:13: note: expected 'const char * restrict' but argument is of type 'int'
  200 | int printf (const char *__restrict, ...)
      |             ^
../Core/Src/main.c:137:10: warning: character constant too long for its type
  137 |   printf('%d -- ', index->data);
      |          ^~~~~~~~
../Core/Src/main.c:137:10: warning: passing argument 1 of 'printf' makes pointer from integer without a cast [-Wint-conversion]
In file included from ../Core/Src/main.c:22:
c:\st\stm32cubeide_1.10.1\stm32cubeide\plugins\com.st.stm32cube.ide.mcu.externaltools.gnu-tools-for-stm32.10.3-2021.10.win32_1.0.0.202111181127\tools\arm-none-eabi\include\stdio.h:200:13: note: expected 'const char * restrict' but argument is of type 'int'
  200 | int printf (const char *__restrict, ...)
      |             ^
../Core/Src/main.c: In function 'MX_ADC_Init':
../Core/Src/main.c:315:26: warning: unused variable 'sConfig' [-Wunused-variable]
  315 |   ADC_ChannelConfTypeDef sConfig = {0};
      |                          ^~~~~~~
../Core/Src/main.c: In function 'enqueu':
../Core/Src/main.c:107:1: warning: control reaches end of non-void function [-Wreturn-type]
  107 | }
      | ^
../Core/Src/main.c: In function 'dequeu':
../Core/Src/main.c:125:1: warning: control reaches end of non-void function [-Wreturn-type]
  125 | }
      | ^
../Core/Src/main.c: In function 'movingAvg':
../Core/Src/main.c:155:1: warning: control reaches end of non-void function [-Wreturn-type]
  155 | }
      | ^
../Core/Src/main.c: In function 'Read_ADC':
../Core/Src/main.c:206:1: warning: control reaches end of non-void function [-Wreturn-type]
  206 | }
      | ^
arm-none-eabi-gcc -o "adc_multi_read.elf" @"objects.list"   -mcpu=cortex-m0 -T"C:\Users\hasan\Desktop\stm32_workspace\adc_multi_read\STM32F051R8TX_FLASH.ld" --specs=nosys.specs -Wl,-Map="adc_multi_read.map" -Wl,--gc-sections -static --specs=nano.specs -mfloat-abi=soft -mthumb -Wl,--start-group -lc -lm -Wl,--end-group
Finished building target: adc_multi_read.elf
 
arm-none-eabi-size   adc_multi_read.elf 
arm-none-eabi-objdump -h -S  adc_multi_read.elf  > "adc_multi_read.list"
   text	   data	    bss	    dec	    hex	filename
  18256	     24	   1688	  19968	   4e00	adc_multi_read.elf
Finished building: default.size.stdout
 
Finished building: adc_multi_read.list
 
16:39:32 **** Incremental Build of configuration Debug for project adc_multi_read ****
make -j12 all 
arm-none-eabi-size   adc_multi_read.elf 
   text	   data	    bss	    dec	    hex	filename
  18256	     24	   1688	  19968	   4e00	adc_multi_read.elf
Finished building: default.size.stdout
 
16:46:31 **** Incremental Build of configuration Debug for project adc_multi_read ****
make -j12 all 
arm-none-eabi-gcc "../Core/Src/main.c" -mcpu=cortex-m0 -std=gnu11 -g3 -DDEBUG -DUSE_HAL_DRIVER -DSTM32F051x8 -c -I../Core/Inc -I../Drivers/STM32F0xx_HAL_Driver/Inc -I../Drivers/STM32F0xx_HAL_Driver/Inc/Legacy -I../Drivers/CMSIS/Device/ST/STM32F0xx/Include -I../Drivers/CMSIS/Include -O0 -ffunction-sections -fdata-sections -Wall -fstack-usage -MMD -MP -MF"Core/Src/main.d" -MT"Core/Src/main.o" --specs=nano.specs -mfloat-abi=soft -mthumb -o "Core/Src/main.o"
../Core/Src/main.c: In function 'dequeu':
../Core/Src/main.c:117:10: warning: character constant too long for its type
  117 |   printf('BOSSS CIKAMAZZ');
      |          ^~~~~~~~~~~~~~~~
../Core/Src/main.c:117:10: warning: passing argument 1 of 'printf' makes pointer from integer without a cast [-Wint-conversion]
In file included from ../Core/Src/main.c:22:
c:\st\stm32cubeide_1.10.1\stm32cubeide\plugins\com.st.stm32cube.ide.mcu.externaltools.gnu-tools-for-stm32.10.3-2021.10.win32_1.0.0.202111181127\tools\arm-none-eabi\include\stdio.h:200:13: note: expected 'const char * restrict' but argument is of type 'int'
  200 | int printf (const char *__restrict, ...)
      |             ^
../Core/Src/main.c: In function 'display':
../Core/Src/main.c:132:10: warning: multi-character character constant [-Wmultichar]
  132 |   printf('BSS');
      |          ^~~~~
../Core/Src/main.c:132:10: warning: passing argument 1 of 'printf' makes pointer from integer without a cast [-Wint-conversion]
In file included from ../Core/Src/main.c:22:
c:\st\stm32cubeide_1.10.1\stm32cubeide\plugins\com.st.stm32cube.ide.mcu.externaltools.gnu-tools-for-stm32.10.3-2021.10.win32_1.0.0.202111181127\tools\arm-none-eabi\include\stdio.h:200:13: note: expected 'const char * restrict' but argument is of type 'int'
  200 | int printf (const char *__restrict, ...)
      |             ^
../Core/Src/main.c:137:10: warning: character constant too long for its type
  137 |   printf('%d -- ', index->data);
      |          ^~~~~~~~
../Core/Src/main.c:137:10: warning: passing argument 1 of 'printf' makes pointer from integer without a cast [-Wint-conversion]
In file included from ../Core/Src/main.c:22:
c:\st\stm32cubeide_1.10.1\stm32cubeide\plugins\com.st.stm32cube.ide.mcu.externaltools.gnu-tools-for-stm32.10.3-2021.10.win32_1.0.0.202111181127\tools\arm-none-eabi\include\stdio.h:200:13: note: expected 'const char * restrict' but argument is of type 'int'
  200 | int printf (const char *__restrict, ...)
      |             ^
../Core/Src/main.c: In function 'MX_ADC_Init':
../Core/Src/main.c:316:26: warning: unused variable 'sConfig' [-Wunused-variable]
  316 |   ADC_ChannelConfTypeDef sConfig = {0};
      |                          ^~~~~~~
../Core/Src/main.c: In function 'enqueu':
../Core/Src/main.c:107:1: warning: control reaches end of non-void function [-Wreturn-type]
  107 | }
      | ^
../Core/Src/main.c: In function 'dequeu':
../Core/Src/main.c:125:1: warning: control reaches end of non-void function [-Wreturn-type]
  125 | }
      | ^
../Core/Src/main.c: In function 'movingAvg':
../Core/Src/main.c:155:1: warning: control reaches end of non-void function [-Wreturn-type]
  155 | }
      | ^
../Core/Src/main.c: In function 'Read_ADC':
../Core/Src/main.c:207:1: warning: control reaches end of non-void function [-Wreturn-type]
  207 | }
      | ^
arm-none-eabi-gcc -o "adc_multi_read.elf" @"objects.list"   -mcpu=cortex-m0 -T"C:\Users\hasan\Desktop\stm32_workspace\adc_multi_read\STM32F051R8TX_FLASH.ld" --specs=nosys.specs -Wl,-Map="adc_multi_read.map" -Wl,--gc-sections -static --specs=nano.specs -mfloat-abi=soft -mthumb -Wl,--start-group -lc -lm -Wl,--end-group
Finished building target: adc_multi_read.elf
 
arm-none-eabi-size   adc_multi_read.elf 
arm-none-eabi-objdump -h -S  adc_multi_read.elf  > "adc_multi_read.list"
   text	   data	    bss	    dec	    hex	filename
  18256	     24	   1688	  19968	   4e00	adc_multi_read.elf
Finished building: default.size.stdout
 
Finished building: adc_multi_read.list
 
