12:02:47 **** Incremental Build of configuration Debug for project RTC-LCD ****
make -j12 all 
arm-none-eabi-gcc "../Core/Src/main.c" -mcpu=cortex-m0 -std=gnu11 -g3 -DDEBUG -DUSE_HAL_DRIVER -DSTM32F051x8 -c -I../Core/Inc -I../Drivers/STM32F0xx_HAL_Driver/Inc -I../Drivers/STM32F0xx_HAL_Driver/Inc/Legacy -I../Drivers/CMSIS/Device/ST/STM32F0xx/Include -I../Drivers/CMSIS/Include -O0 -ffunction-sections -fdata-sections -Wall -fstack-usage -MMD -MP -MF"Core/Src/main.d" -MT"Core/Src/main.o" --specs=nano.specs -mfloat-abi=soft -mthumb -o "Core/Src/main.o"
arm-none-eabi-gcc -o "RTC-LCD.elf" @"objects.list"   -mcpu=cortex-m0 -T"C:\Users\hasan\Desktop\stm32_workspace\RTC-LCD\STM32F051R8TX_FLASH.ld" --specs=nosys.specs -Wl,-Map="RTC-LCD.map" -Wl,--gc-sections -static --specs=nano.specs -mfloat-abi=soft -mthumb -Wl,--start-group -lc -lm -Wl,--end-group
Finished building target: RTC-LCD.elf
 
arm-none-eabi-size   RTC-LCD.elf 
arm-none-eabi-objdump -h -S  RTC-LCD.elf  > "RTC-LCD.list"
   text	   data	    bss	    dec	    hex	filename
  13984	    120	   1720	  15824	   3dd0	RTC-LCD.elf
Finished building: default.size.stdout
 
Finished building: RTC-LCD.list
 

12:02:47 Build Finished. 0 errors, 0 warnings. (took 754ms)

